13/08/2022, 11:46:53, 4, 0, F:\Microsoft Visual Studio\vb6\xtream\reports\bill_format.rpt:Error detected by database DLL.
13/08/2022, 11:48:11, 4, 0, F:\Microsoft Visual Studio\vb6\xtream\reports\bill_format.rpt:Error detected by database DLL.
13/08/2022, 11:54:30, 4, 0, F:\Microsoft Visual Studio\vb6\xtream\reports\bill_format.rpt:Server has not yet been opened.
13/08/2022, 11:55:53, 4, 0, F:\Microsoft Visual Studio\vb6\xtream\reports\bill_format.rpt:Server has not yet been opened.
13/08/2022, 12:04:35, 4, 0, F:\Microsoft Visual Studio\vb6\xtream\reports\bill.rpt:File not found
13/08/2022, 12:41:31, 4, 0, F:\Microsoft Visual Studio\vb6\xtream\reports\bill.rpt:Error detected by database DLL.
13/08/2022, 12:41:47, 4, 0, F:\Microsoft Visual Studio\vb6\xtream\reports\bill.rpt:Error detected by database DLL.
13/08/2022, 12:55:43, 4, 0, F:\Microsoft Visual Studio\vb6\xtream\reports\bill.rpt:Error detected by database DLL.
13/08/2022, 13:01:50, 4, 0, F:\Microsoft Visual Studio\vb6\xtream\reports\bill.rpt:Error detected by database DLL.
13/08/2022, 13:04:04, 4, 0, F:\Microsoft Visual Studio\vb6\xtream\reports\bill.rpt:Error detected by database DLL.
13/08/2022, 13:04:22, 4, 0, F:\Microsoft Visual Studio\vb6\xtream\reports\bill.rpt:Error detected by database DLL.
13/08/2022, 15:59:49, 4, 0, F:\Microsoft Visual Studio\vb6\xtream\reports\bill.rpt:This field name is not known.
13/08/2022, 16:07:32, 4, 0, F:\Microsoft Visual Studio\vb6\xtream\reports\bill.rpt:Error detected by database DLL.
13/08/2022, 17:05:35, 4, 0, F:\Microsoft Visual Studio\vb6\xtream\reports\bill2.rpt:Error detected by database DLL.
13/08/2022, 21:20:40, 4, 0, F:\Microsoft Visual Studio\vb6\xtream\reports\bill2.rpt:Error detected by database DLL.
13/08/2022, 21:21:10, 4, 0, F:\Microsoft Visual Studio\vb6\xtream\reports\bill2.rpt:Error detected by database DLL.
13/08/2022, 21:22:32, 4, 0, F:\Microsoft Visual Studio\vb6\xtream\reports\bill2.rpt:Error detected by database DLL.
13/08/2022, 21:23:00, 4, 0, F:\Microsoft Visual Studio\vb6\xtream\reports\bill2.rpt:Error detected by database DLL.
13/08/2022, 21:33:24, 4, 0, F:\Microsoft Visual Studio\vb6\xtream\reports\bill.rpt:This field name is not known.
13/08/2022, 21:36:38, 4, 0, F:\Microsoft Visual Studio\vb6\xtream\reports\bill.rpt:This field name is not known.
13/08/2022, 21:36:57, 4, 0, F:\Microsoft Visual Studio\vb6\xtream\reports\bill.rpt:This field name is not known.
13/08/2022, 21:37:12, 4, 0, F:\Microsoft Visual Studio\vb6\xtream\reports\bill.rpt:Server has not yet been opened.
13/08/2022, 21:37:27, 4, 0, F:\Microsoft Visual Studio\vb6\xtream\reports\bill.rpt:Server has not yet been opened.
13/08/2022, 21:42:27, 4, 0, F:\Microsoft Visual Studio\vb6\xtream\reports\bill.rpt:Server has not yet been opened.
13/08/2022, 21:56:16, 4, 0, F:\Microsoft Visual Studio\vb6\xtream\reports\bill.rpt:Server has not yet been opened.
13/08/2022, 22:01:13, 4, 0, F:\Microsoft Visual Studio\vb6\xtream\reports\bill.rpt:Server has not yet been opened.
13/08/2022, 22:05:42, 4, 0, F:\Microsoft Visual Studio\vb6\xtream\reports\bill.rpt:Server has not yet been opened.
13/08/2022, 22:05:56, 4, 0, F:\Microsoft Visual Studio\vb6\xtream\reports\bill.rpt:Server has not yet been opened.
13/08/2022, 22:09:55, 4, 0, F:\Microsoft Visual Studio\vb6\xtream\reports\bill.rpt:Server has not yet been opened.
13/08/2022, 22:11:53, 4, 0, F:\Microsoft Visual Studio\vb6\xtream\reports\bill.rpt:Server has not yet been opened.
13/08/2022, 22:13:28, 4, 0, F:\Microsoft Visual Studio\vb6\xtream\reports\bill.rpt:Server has not yet been opened.
13/08/2022, 22:13:52, 4, 0, F:\Microsoft Visual Studio\vb6\xtream\reports\bill.rpt:Server has not yet been opened.
13/08/2022, 22:48:58, 4, 0, F:\Microsoft Visual Studio\vb6\xtream\reports\bill.rpt:Server has not yet been opened.
13/08/2022, 22:54:25, 4, 0, F:\Microsoft Visual Studio\vb6\xtream\reports\bill.rpt:Server has not yet been opened.
13/08/2022, 22:55:38, 4, 0, F:\Microsoft Visual Studio\vb6\xtream\reports\bill.rpt:Server has not yet been opened.
13/08/2022, 23:01:07, 4, 0, F:\Microsoft Visual Studio\vb6\xtream\reports\bill.rpt:Server has not yet been opened.
13/08/2022, 23:02:33, 4, 0, F:\Microsoft Visual Studio\vb6\xtream\reports\bill.rpt:Server has not yet been opened.
13/08/2022, 23:12:01, 4, 0, F:\Microsoft Visual Studio\vb6\xtream\reports\bill.rpt:Server has not yet been opened.
14/08/2022, 00:23:41, 4, 0, F:\Microsoft Visual Studio\vb6\xtream\reports\billsummary.rpt:Error detected by database DLL.
14/08/2022, 00:37:37, 4, 0, F:\Microsoft Visual Studio\vb6\xtream\reports\billsummary.rpt:Error detected by database DLL.
14/08/2022, 00:39:06, 4, 0, F:\Microsoft Visual Studio\vb6\xtream\reports\billsummary.rpt:Error detected by database DLL.
14/08/2022, 00:45:35, 4, 0, F:\Microsoft Visual Studio\vb6\xtream\reports\billsummary.rpt:Error detected by database DLL.
14/08/2022, 02:16:28, 4, 0, F:\Microsoft Visual Studio\vb6\xtream\reports\bill.rpt:Server has not yet been opened.
14/08/2022, 02:21:07, 4, 0, F:\Microsoft Visual Studio\vb6\xtream\reports\bill.rpt:Server has not yet been opened.
14/08/2022, 02:24:00, 4, 0, F:\Microsoft Visual Studio\vb6\xtream\reports\bill.rpt:Server has not yet been opened.
14/08/2022, 13:38:42, 4, 0, F:\Microsoft Visual Studio\vb6\xtream\reports\bill.rpt:Server has not yet been opened.
14/08/2022, 13:41:28, 4, 0, F:\Microsoft Visual Studio\vb6\xtream\reports\bill.rpt:Server has not yet been opened.
14/08/2022, 14:04:37, 4, 0, F:\Microsoft Visual Studio\vb6\xtream\reports\bill.rpt:Server has not yet been opened.
14/08/2022, 14:29:44, 4, 0, F:\Microsoft Visual Studio\vb6\xtream\reports\bill.rpt:Server has not yet been opened.
14/08/2022, 14:32:58, 4, 0, F:\Microsoft Visual Studio\vb6\xtream\reports\bill.rpt:Server has not yet been opened.
14/08/2022, 14:34:18, 4, 0, F:\Microsoft Visual Studio\vb6\xtream\reports\bill.rpt:Server has not yet been opened.
14/08/2022, 14:36:14, 4, 0, F:\Microsoft Visual Studio\vb6\xtream\reports\bill.rpt:Server has not yet been opened.
14/08/2022, 14:45:53, 4, 0, F:\Microsoft Visual Studio\vb6\xtream\reports\bill.rpt:Server has not yet been opened.
14/08/2022, 15:24:07, 4, 0, F:\Microsoft Visual Studio\vb6\xtream\reports\bill.rpt:Server has not yet been opened.
14/08/2022, 16:07:30, 4, 0, F:\Microsoft Visual Studio\vb6\xtream\reports\bill.rpt:Server has not yet been opened.
14/08/2022, 16:07:40, 4, 0, F:\Microsoft Visual Studio\vb6\xtream\reports\bill.rpt:Server has not yet been opened.
14/08/2022, 16:18:18, 4, 0, :File not found.
14/08/2022, 16:18:18, 4, 0, :File not found.
14/08/2022, 16:19:39, 4, 0, :File not found.
14/08/2022, 16:19:39, 4, 0, :File not found.
14/08/2022, 16:20:11, 4, 0, :File not found.
14/08/2022, 16:20:11, 4, 0, :File not found.
14/08/2022, 16:29:48, 4, 0, F:\Microsoft Visual Studio\vb6\xtream\reports\bill.rpt:Server has not yet been opened.
14/08/2022, 18:06:07, 4, 0, F:\Microsoft Visual Studio\vb6\xtream\reports\bill.rpt:Server has not yet been opened.
14/08/2022, 18:07:49, 4, 0, F:\Microsoft Visual Studio\vb6\xtream\reports\bill.rpt:Server has not yet been opened.
14/08/2022, 18:09:47, 4, 0, F:\Microsoft Visual Studio\vb6\xtream\reports\bill.rpt:Server has not yet been opened.
14/08/2022, 18:09:58, 4, 0, F:\Microsoft Visual Studio\vb6\xtream\reports\bill.rpt:Server has not yet been opened.
14/08/2022, 18:12:41, 4, 0, F:\Microsoft Visual Studio\vb6\xtream\reports\bill.rpt:Server has not yet been opened.
15/08/2022, 11:53:20, 4, 0, :File not found.
15/08/2022, 11:53:20, 4, 0, :File not found.
15/08/2022, 11:53:38, 4, 0, :File not found.
15/08/2022, 11:57:38, 4, 0, :File not found.
15/08/2022, 11:57:38, 4, 0, :File not found.
15/08/2022, 11:57:46, 4, 0, :File not found.
15/08/2022, 11:58:09, 4, 0, F:\Microsoft Visual Studio\vb6\xtream\reports\bill.rpt:Error detected by database DLL.
15/08/2022, 11:58:31, 4, 0, F:\Microsoft Visual Studio\vb6\xtream\reports\bill.rpt:Error detected by database DLL.
08/15/22, 12:02:55, 4, 0, F:\Microsoft Visual Studio\vb6\xtream\reports\bill.rpt:Server has not yet been opened.
15/08/2022, 12:18:04, 4, 0, :File not found.
15/08/2022, 12:18:04, 4, 0, :File not found.
15/08/2022, 12:18:13, 4, 0, :File not found.
15/08/2022, 12:18:40, 4, 0, F:\Microsoft Visual Studio\vb6\xtream\reports\bill.rpt:Error detected by database DLL.
15/08/2022, 13:59:25, 4, 0, F:\Microsoft Visual Studio\vb6\xtream\reports\bill.rpt:Server has not yet been opened.
15/08/2022, 14:04:46, 4, 0, F:\Microsoft Visual Studio\vb6\xtream\reports\bill.rpt:Server has not yet been opened.
08/15/22, 19:27:38, 4, 0, F:\Microsoft Visual Studio\vb6\xtream\reports\bill.rpt:Server has not yet been opened.
16/08/2022, 12:17:56, 4, 0, F:\Microsoft Visual Studio\vb6\xtream\reports\bill.rpt:Server has not yet been opened.
08/16/22, 16:41:34, 4, 0, F:\Microsoft Visual Studio\vb6\xtream\reports\bill.rpt:Server has not yet been opened.
20/08/2022, 03:39:08, 4, 0, F:\Microsoft Visual Studio\vb6\xtream\reports\igst_bill.rpt:Error detected by database DLL.
20/08/2022, 03:39:29, 4, 0, F:\Microsoft Visual Studio\vb6\xtream\reports\igst_bill.rpt:Error detected by database DLL.
20/08/2022, 03:50:55, 4, 0, F:\Microsoft Visual Studio\vb6\xtream\reports\bill.rpt:Error detected by database DLL.
20/08/2022, 03:51:13, 4, 0, F:\Microsoft Visual Studio\vb6\xtream\reports\bill.rpt:Error detected by database DLL.
20/08/2022, 23:10:31, 4, 0, F:\Microsoft Visual Studio\vb6\xtream\reports\igst_bill.rpt:Error detected by database DLL.
20/08/2022, 23:10:51, 4, 0, F:\Microsoft Visual Studio\vb6\xtream\reports\igst_bill.rpt:Error detected by database DLL.
21/08/2022, 17:49:10, 4, 0, F:\Microsoft Visual Studio\vb6\xtream\reports\bill.rpt:Error detected by database DLL.
21/08/2022, 23:26:56, 4, 0, F:\Microsoft Visual Studio\vb6\xtream\reports\no_bill.rpt:Server has not yet been opened.
21/08/2022, 23:31:18, 4, 0, F:\Microsoft Visual Studio\vb6\xtream\reports\bill.rpt:Server has not yet been opened.
08/21/22, 23:45:13, 4, 0, F:\Microsoft Visual Studio\vb6\xtream\reports\no_bill.rpt:Server has not yet been opened.
08/21/22, 23:47:46, 4, 0, F:\Microsoft Visual Studio\vb6\xtream\reports\no_bill.rpt:Server has not yet been opened.
08/22/22, 00:06:13, 4, 0, F:\Microsoft Visual Studio\vb6\xtream\reports\bill.rpt:Server has not yet been opened.
23/08/2022, 17:40:26, 4, 0, F:\Microsoft Visual Studio\vb6\xtream\reports\no_bill.rpt:Invalid report version.
23/08/2022, 17:40:26, 4, 0, F:\Microsoft Visual Studio\vb6\xtream\reports\no_bill.rpt:Invalid report version.
23/08/2022, 19:07:32, 4, 0, F:\Microsoft Visual Studio\vb6\xtream\reports\nbill.rpt:File not found
23/08/2022, 19:09:09, 4, 0, F:\Microsoft Visual Studio\vb6\xtream\reports\nbill.rpt:File not found
23/08/2022, 19:11:41, 4, 0, F:\Microsoft Visual Studio\vb6\xtream\reports\nbill.rpt:File not found
23/08/2022, 19:14:13, 4, 0, F:\Microsoft Visual Studio\vb6\xtream\reports\nbill.rpt:File not found
23/08/2022, 19:15:50, 4, 0, F:\Microsoft Visual Studio\vb6\xtream\reports\nbill.rpt:File not found
23/08/2022, 19:25:49, 4, 0, F:\Microsoft Visual Studio\vb6\xtream\reports\nbill.rpt:File not found
23/08/2022, 19:25:56, 4, 0, F:\Microsoft Visual Studio\vb6\xtream\reports\nbill.rpt:File not found
23/08/2022, 19:29:28, 4, 0, F:\Microsoft Visual Studio\vb6\xtream\reports\nbill.rpt:File not found
23/08/2022, 19:29:56, 4, 0, F:\Microsoft Visual Studio\vb6\xtream\reports\nbill.rpt:File not found
23/08/2022, 19:30:00, 4, 0, F:\Microsoft Visual Studio\vb6\xtream\reports\nbill.rpt:File not found
23/08/2022, 19:33:24, 4, 0, F:\Microsoft Visual Studio\vb6\xtream\reports\nbill.rpt:File not found
23/08/2022, 19:36:31, 4, 0, F:\Microsoft Visual Studio\vb6\xtream\reports\nbill.rpt:File not found
23/08/2022, 19:48:30, 4, 0, F:\Microsoft Visual Studio\vb6\xtream\reports\nbill.rpt:File not found
23/08/2022, 19:52:21, 4, 0, F:\Microsoft Visual Studio\vb6\xtream\reports\nbill.rpt:File not found
23/08/2022, 19:53:16, 4, 0, F:\Microsoft Visual Studio\vb6\xtream\reports\nbill.rpt:File not found
23/08/2022, 19:53:29, 4, 0, F:\Microsoft Visual Studio\vb6\xtream\reports\nbill.rpt:File not found
23/08/2022, 19:54:27, 4, 0, F:\Microsoft Visual Studio\vb6\xtream\reports\nbill.rpt:File not found
23/08/2022, 20:00:23, 4, 0, F:\Microsoft Visual Studio\vb6\xtream\reports\nbill.rpt:File not found
23/08/2022, 20:01:31, 4, 0, F:\Microsoft Visual Studio\vb6\xtream\reports\nbill.rpt:File not found
23/08/2022, 20:07:55, 4, 0, F:\Microsoft Visual Studio\vb6\xtream\reports\nbill.rpt:File not found
23/08/2022, 20:18:00, 4, 0, F:\Microsoft Visual Studio\vb6\xtream\reports\nbill.rpt:File not found
23/08/2022, 20:18:26, 4, 0, F:\Microsoft Visual Studio\vb6\xtream\reports\nbill.rpt:File not found
23/08/2022, 20:18:44, 4, 0, F:\Microsoft Visual Studio\vb6\xtream\reports\nbill.rpt:File not found
23/08/2022, 20:27:55, 4, 0, :Invalid directory.
23/08/2022, 20:27:55, 4, 0, :Invalid directory.
23/08/2022, 20:28:08, 4, 0, :Invalid directory.
23/08/2022, 20:28:16, 4, 0, F:\Microsoft Visual Studio\vb6\xtream\reports\nbill.rpt:File not found
23/08/2022, 20:32:28, 4, 0, F:\Microsoft Visual Studio\vb6\xtream\reports\nbill.rpt:File not found
23/08/2022, 20:36:05, 4, 0, :Invalid directory.
23/08/2022, 20:36:05, 4, 0, :Invalid directory.
23/08/2022, 20:36:22, 4, 0, F:\Microsoft Visual Studio\vb6\xtream\reports\nbill.rpt:File not found
23/08/2022, 20:46:12, 4, 0, F:\Microsoft Visual Studio\vb6\xtream\reports\nbill.rpt:File not found
23/08/2022, 20:46:53, 4, 0, F:\Microsoft Visual Studio\vb6\xtream\reports\nbill.rpt:File not found
23/08/2022, 20:46:59, 4, 0, F:\Microsoft Visual Studio\vb6\xtream\reports\nbill.rpt:File not found
23/08/2022, 20:48:03, 4, 0, F:\Microsoft Visual Studio\vb6\xtream\reports\nbill.rpt:File not found
23/08/2022, 20:50:05, 4, 0, F:\Microsoft Visual Studio\vb6\xtream\reports\nbill.rpt:File not found
23/08/2022, 21:04:38, 4, 0, F:\Microsoft Visual Studio\vb6\xtream\reports\nbill.rpt:File not found
23/08/2022, 21:06:25, 4, 0, F:\Microsoft Visual Studio\vb6\xtream\reports\nbill.rpt:Server has not yet been opened.
23/08/2022, 21:06:44, 4, 0, F:\Microsoft Visual Studio\vb6\xtream\reports\nbill.rpt:Server has not yet been opened.
23/08/2022, 21:07:05, 4, 0, F:\Microsoft Visual Studio\vb6\xtream\reports\nbill.rpt:Server has not yet been opened.
