[Bootstrap]
SetupTitle=Install
SetupText=Copying Files, please stand by.
CabFile=Bill.CAB
Spawn=Setup1.exe
Uninstal=st6unst.exe
TmpDir=msftqws.pdw
Cabs=1

[Bootstrap Files]
File1=@VB6STKIT.DLL,$(WinSysPathSysFile),,,6/18/98 12:00:00 AM,102912,6.0.81.69
File2=@COMCAT.DLL,$(WinSysPathSysFile),$(DLLSelfRegister),,5/31/98 12:00:00 AM,22288,4.71.1460.1
File3=@olepro32.dll,$(WinSysPathSysFile),$(DLLSelfRegister),,11/19/20 8:19:33 AM,88576,6.2.19041.84
File4=@stdole2.tlb,$(WinSysPathSysFile),$(TLBRegister),,12/7/19 2:39:11 PM,18432,6.2.19041.1
File5=@asycfilt.dll,$(WinSysPathSysFile),,,12/7/19 2:39:30 PM,74752,6.2.19041.1
File6=@oleaut32.dll,$(WinSysPathSysFile),$(DLLSelfRegister),,5/21/21 1:35:05 PM,606888,6.2.19041.985
File7=@msvbvm60.dll,$(WinSysPathSysFile),$(DLLSelfRegister),,4/10/21 11:18:29 PM,1436032,6.0.98.48

[IconGroups]
Group0=Bill system
PrivateGroup0=True
Parent0=$(Programs)

[Bill system]
Icon1="Project1.exe"
Title1=Bill system
StartIn1=$(AppPath)

[Setup]
Title=Bill-System
DefaultDir=$(ProgramFiles)\Bill system
AppExe=Bill.exe
AppToUninstall=Bill.exe

[Setup1 Files]
File1=@p2soledb.dll,$(WinSysPath),,$(Shared),2/3/01 1:56:50 AM,204800,8.5.0.20
File2=@comdlg32.ocx,$(WinSysPath),$(DLLSelfRegister),$(Shared),6/22/99 5:06:52 PM,140288,6.0.84.18
File3=@MSCOMCTL.OCX,$(WinSysPath),$(DLLSelfRegister),$(Shared),12/20/02 2:02:44 PM,1077336,6.1.95.45
File4=@crpe32.dll,$(WinSysPath),,$(Shared),2/9/01 6:13:52 PM,4587577,8.5.0.217
File5=@Crystl32.OCX,$(WinSysPath),$(DLLSelfRegister),$(Shared),3/30/00 7:42:00 PM,847324,8.0.0.4
File6=@MSCOMM32.OCX,$(WinSysPath),$(DLLSelfRegister),$(Shared),6/24/98 12:00:00 AM,103744,6.0.81.69
File7=@MSCAL.OCX,$(WinSysPath),$(DLLSelfRegisterEx),$(Shared),6/26/98 12:00:00 AM,89600,8.0.0.5007
File8=@MSCOMCT2.OCX,$(WinSysPath),$(DLLSelfRegister),$(Shared),6/26/98 12:00:00 AM,644400,6.0.81.77
File9=@MSSTDFMT.DLL,$(WinSysPath),$(DLLSelfRegister),$(Shared),7/24/06 10:50:38 AM,125744,6.0.84.50
File10=@MSADODC.OCX,$(WinSysPath),$(DLLSelfRegister),$(Shared),6/24/98 12:00:00 AM,118064,6.0.81.71
File11=@msvcrt.dll,$(WinSysPath),,$(Shared),11/19/20 8:19:20 AM,775256,7.0.19041.546
File12=@scrrun.dll,$(WinSysPath),$(DLLSelfRegister),$(Shared),8/4/22 12:48:22 AM,186368,5.812.10240.16384
File13=@crviewer.dll,$(WinSysPath),$(DLLSelfRegister),$(Shared),2/3/01 12:35:58 AM,664576,8.5.0.217
File14=@P2smon.dll,$(WinSysPath),,$(Shared),2/3/01 1:56:54 AM,163840,8.5.0.12
File15=@mfc42.dll,$(WinSysPath),$(DLLSelfRegister),$(Shared),12/7/19 2:39:13 PM,1171456,6.6.8063.0
File16=@Crpaig80.dll,$(WinSysPath),,$(Shared),11/9/00 2:22:00 PM,618496,8.0.1.3
File17=@Implode.dll,$(AppPath),,,10/25/00 5:45:00 PM,17920,0.0.0.0
File18=@craxddrt.dll,$(WinSysPath),$(DLLSelfRegister),$(Shared),2/9/01 6:17:40 PM,8646715,8.5.0.217
File19=@xqviewer.dll,$(WinSysPath),$(DLLSelfRegister),$(Shared),2/3/01 12:30:00 AM,159824,8.5.0.29
File20=@dao360.dll,$(WinSysPath),$(DLLSelfRegister),$(Shared),12/7/19 2:40:02 PM,610304,3.60.9765.0
File21=@msado21.tlb,$(WinSysPath),,$(Shared),12/7/19 2:40:00 PM,53760,6.2.19041.1
File22=@MSBIND.DLL,$(WinSysPath),$(DLLSelfRegister),$(Shared),6/18/98 12:00:00 AM,77824,6.0.81.69
File23=@Bill.exe,$(AppPath),,,8/16/22 9:17:42 PM,667648,1.0.0.0

; The following lines may be deleted in order to obtain extra 
; space for customizing this file on a full installation diskette.
; 
; XXXXXXXXXXXXXXXXXXXXXXXXXXXXXXXXXXXXXXXXXXXXXXXXXXXXXXXXXXXX
; XXXXXXXXXXXXXXXXXXXXXXXXXXXXXXXXXXXXXXXXXXXXXXXXXXXXXXXXXXXX
; XXXXXXXXXXXXXXXXXXXXXXXXXXXXXXXXXXXXXXXXXXXXXXXXXXXXXXXXXXXX
; XXXXXXXXXXXXXXXXXXXXXXXXXXXXXXXXXXXXXXXXXXXXXXXXXXXXXXXXXXXX
; XXXXXXXXXXXXXXXXXXXXXXXXXXXXXXXXXXXXXXXXXXXXXXXXXXXXXXXXXXXX
; XXXXXXXXXXXXXXXXXXXXXXXXXXXXXXXXXXXXXXXXXXXXXXXXXXXXXXXXXXXX
; XXXXXXXXXXXXXXXXXXXXXXXXXXXXXXXXXXXXXXXXXXXXXXXXXXXXXXXXXXXX
; XXXXXXXXXXXXXXXXXXXXXXXXXXXXXXXXXXXXXXXXXXXXXXXXXXXXXXXXXXXX
; XXXXXXXXXXXXXXXXXXXXXXXXXXXXXXXXXXXXXXXXXXXXXXXXXXXXXXXXXXXX
; XXXXXXXXXXXXXXXXXXXXXXXXXXXXXXXXXXXXXXXXXXXXXXXXXXXXXXXXXXXX
; XXXXXXXXXXXXXXXXXXXXXXXXXXXXXXXXXXXXXXXXXXXXXXXXXXXXXXXXXXXX
; XXXXXXXXXXXXXXXXXXXXXXXXXXXXXXXXXXXXXXXXXXXXXXXXXXXXXXXXXXXX
; XXXXXXXXXXXXXXXXXXXXXXXXXXXXXXXXXXXXXXXXXXXXXXXXXXXXXXXXXXXX
; XXXXXXXXXXXXXXXXXXXXXXXXXXXXXXXXXXXXXXXXXXXXXXXXXXXXXXXXXXXX
; XXXXXXXXXXXXXXXXXXXXXXXXXXXXXXXXXXXXXXXXXXXXXXXXXXXXXXXXXXXX
; XXXXXXXXXXXXXXXXXXXXXXXXXXXXXXXXXXXXXXXXXXXXXXXXXXXXXXXXXXXX
; XXXXXXXXXXXXXXXXXXXXXXXXXXXXXXXXXXXXXXXXXXXXXXXXXXXXXXXXXXXX
; XXXXXXXXXXXXXXXXXXXXXXXXXXXXXXXXXXXXXXXXXXXXXXXXXXXXXXXXXXXX
; XXXXXXXXXXXXXXXXXXXXXXXXXXXXXXXXXXXXXXXXXXXXXXXXXXXXXXXXXXXX
; XXXXXXXXXXXXXXXXXXXXXXXXXXXXXXXXXXXXXXXXXXXXXXXXXXXXXXXXXXXX
; XXXXXXXXXXXXXXXXXXXXXXXXXXXXXXXXXXXXXXXXXXXXXXXXXXXXXXXXXXXX
; XXXXXXXXXXXXXXXXXXXXXXXXXXXXXXXXXXXXXXXXXXXXXXXXXXXXXXXXXXXX
; XXXXXXXXXXXXXXXXXXXXXXXXXXXXXXXXXXXXXXXXXXXXXXXXXXXXXXXXXXXX
; XXXXXXXXXXXXXXXXXXXXXXXXXXXXXXXXXXXXXXXXXXXXXXXXXXXXXXXXXXXX
; XXXXXXXXXXXXXXXXXXXXXXXXXXXXXXXXXXXXXXXXXXXXXXXXXXXXXXXXXXXX
; XXXXXXXXXXXXXXXXXXXXXXXXXXXXXXXXXXXXXXXXXXXXXXXXXXXXXXXXXXXX
; XXXXXXXXXXXXXXXXXXXXXXXXXXXXXXXXXXXXXXXXXXXXXXXXXXXXXXXXXXXX
; XXXXXXXXXXXXXXXXXXXXXXXXXXXXXXXXXXXXXXXXXXXXXXXXXXXXXXXXXXXX
; XXXXXXXXXXXXXXXXXXXXXXXXXXXXXXXXXXXXXXXXXXXXXXXXXXXXXXXXXXXX
; XXXXXXXXXXXXXXXXXXXXXXXXXXXXXXXXXXXXXXXXXXXXXXXXXXXXXXXXXXXX
; XXXXXXXXXXXXXXXXXXXXXXXXXXXXXXXXXXXXXXXXXXXXXXXXXXXXXXXXXXXX
; XXXXXXXXXXXXXXXXXXXXXXXXXXXXXXXXXXXXXXXXXXXXXXXXXXXXXXXXXXXX
; XXXXXXXXXXXXXXXXXXXXXXXXXXXXXXXXXXXXXXXXXXXXXXXXXXXXXXXXXXXX
; XXXXXXXXXXXXXXXXXXXXXXXXXXXXXXXXXXXXXXXXXXXXXXXXXXXXXXXXXXXX
; XXXXXXXXXXXXXXXXXXXXXXXXXXXXXXXXXXXXXXXXXXXXXXXXXXXXXXXXXXXX
